
> aura-geo@0.1.0 build
> next build

⚠ No build cache found. Please configure build caching for faster rebuilds. Read more: https://nextjs.org/docs/messages/no-cache
Attention: Next.js now collects completely anonymous telemetry regarding usage.
This information is used to shape Next.js' roadmap and prioritize features.
You can learn more, including how to opt-out if you'd not like to participate in this anonymous program, by visiting the following URL:
https://nextjs.org/telemetry

▲ Next.js 16.2.1 (Turbopack)
- Environments: .env

  Creating an optimized production build ...
✓ Compiled successfully in 2.3s
  Running TypeScript ...

Failed to type check.

./prisma.config.ts:4:30
Type error: Cannot find module 'prisma/config' or its corresponding type declarations.

  [90m2 |[0m [90m// npm install --save-dev prisma dotenv[0m
  [90m3 |[0m [36mimport[0m [32m"dotenv/config"[0m;
[31m[1m>[0m [90m4 |[0m [36mimport[0m { defineConfig } [36mfrom[0m [32m"prisma/config"[0m;
  [90m  |[0m                              [31m[1m^[0m
  [90m5 |[0m
  [90m6 |[0m [36mexport[0m [36mdefault[0m defineConfig({
  [90m7 |[0m   schema: [32m"prisma/schema.prisma"[0m,
Next.js build worker exited with code: 1 and signal: null
